{
  _type: 'element',
  tags: null,
  links: null,
  _stage: 'layouted',
  sourcePath: 'src/architecture/model/views.c4',
  description: null,
  title: 'System Context',
  id: 'context',
  autoLayout: {
    direction: 'TB',
  },
  notation: {
    nodes: [
      {
        title: 'External Software System',
        shape: 'rectangle',
        color: 'muted',
        kinds: [
          'external-system',
        ],
      },
      {
        title: 'External Software System',
        shape: 'rectangle',
        color: 'red',
        kinds: [
          'platform',
        ],
      },
      {
        title: 'Software System',
        shape: 'rectangle',
        color: 'primary',
        kinds: [
          'system',
        ],
      },
    ],
  },
  hash: '9A3gbeONf8_OtiXpIMcIXKSpiWEXi8aAO-v-fva2gyI',
  bounds: {
    x: -193,
    y: -20,
    width: 4063,
    height: 2129,
  },
  nodes: [
    {
      id: 'COM',
      parent: null,
      level: 0,
      children: [],
      inEdges: [],
      outEdges: [
        '1v5pmka',
      ],
      title: 'COM/PCOM/CCOM',
      modelRef: 'COM',
      shape: 'person',
      color: 'green',
      style: {
        opacity: 15,
        size: 'md',
      },
      description: {
        txt: 'Managers who are responsible to create attendance plans and approve overtime within COM, PCOM and CCOM',
      },
      tags: [],
      kind: 'actor',
      x: -146,
      y: 188,
      width: 346,
      height: 180,
      labelBBox: {
        x: 18,
        y: 47,
        width: 310,
        height: 83,
      },
      navigateTo: null,
      links: null,
    },
    {
      id: 'DeliveryAssurance',
      parent: null,
      level: 0,
      children: [],
      inEdges: [],
      outEdges: [
        '1qeeip4',
      ],
      title: 'DeliveryAssurance/OPL/Finance Business Partner',
      modelRef: 'DeliveryAssurance',
      shape: 'person',
      color: 'green',
      style: {
        opacity: 15,
        size: 'md',
      },
      description: {
        txt: 'People responsible to approve duty change submissions',
      },
      tags: [],
      kind: 'actor',
      x: -163,
      y: 649,
      width: 415,
      height: 180,
      labelBBox: {
        x: 18,
        y: 44,
        width: 380,
        height: 89,
      },
      navigateTo: null,
      links: null,
    },
    {
      id: 'PSM',
      parent: null,
      level: 0,
      children: [],
      inEdges: [],
      outEdges: [
        'nfit2t',
      ],
      title: 'COM/PCOM/CCOM/PSM/Bookroom',
      modelRef: 'PSM',
      shape: 'person',
      color: 'green',
      style: {
        opacity: 15,
        size: 'md',
      },
      description: {
        txt: 'Manages duties in Delivery and Processing Units',
      },
      tags: [],
      kind: 'actor',
      x: -173,
      y: 1206,
      width: 364,
      height: 180,
      labelBBox: {
        x: 18,
        y: 56,
        width: 328,
        height: 65,
      },
      navigateTo: null,
      links: null,
    },
    {
      id: 'M5',
      parent: null,
      level: 0,
      children: [],
      inEdges: [],
      outEdges: [
        'bmo1fn',
        'bmnyf2',
      ],
      title: 'M5 Fleet',
      modelRef: 'M5',
      shape: 'rectangle',
      color: 'muted',
      icon: 'file://./src/architecture/icons/assetworks.jpeg',
      style: {
        opacity: 20,
        size: 'md',
      },
      tags: [],
      notation: 'External Software System',
      technology: 'AssetWorks',
      kind: 'external-system',
      x: 1495,
      y: 13,
      width: 320,
      height: 180,
      labelBBox: {
        x: 105,
        y: 66,
        width: 140,
        height: 45,
      },
      navigateTo: null,
      links: null,
    },
    {
      id: 'PSP',
      parent: null,
      level: 0,
      children: [],
      inEdges: [],
      outEdges: [
        'mw4gko',
        'mw4d3p',
      ],
      title: 'PSP',
      modelRef: 'PSP',
      shape: 'rectangle',
      color: 'red',
      icon: 'tech:sap',
      style: {
        opacity: 20,
        size: 'md',
      },
      tags: [],
      notation: 'External Software System',
      technology: 'SAP',
      kind: 'platform',
      x: 2497,
      y: 0,
      width: 320,
      height: 180,
      labelBBox: {
        x: 124,
        y: 66,
        width: 102,
        height: 45,
      },
      navigateTo: null,
      links: null,
    },
    {
      id: 'OPG',
      parent: null,
      level: 0,
      children: [],
      inEdges: [],
      outEdges: [
        '3q7miw',
      ],
      title: 'OPG',
      modelRef: 'OPG',
      shape: 'person',
      color: 'green',
      style: {
        opacity: 15,
        size: 'md',
      },
      description: {
        txt: 'Frontline Workers',
      },
      tags: [],
      kind: 'actor',
      x: -119,
      y: 1743,
      width: 320,
      height: 180,
      labelBBox: {
        x: 99,
        y: 65,
        width: 122,
        height: 47,
      },
      navigateTo: null,
      links: null,
    },
    {
      id: 'MDM',
      parent: null,
      level: 0,
      children: [],
      inEdges: [],
      outEdges: [
        '1e1x1wi',
      ],
      title: 'MDM',
      modelRef: 'MDM',
      shape: 'rectangle',
      color: 'red',
      icon: 'file://./src/architecture/icons/Teradata.svg',
      style: {
        opacity: 20,
        size: 'md',
      },
      tags: [],
      notation: 'External Software System',
      technology: 'TeraData',
      kind: 'platform',
      x: 3100,
      y: 0,
      width: 320,
      height: 180,
      labelBBox: {
        x: 117,
        y: 66,
        width: 116,
        height: 45,
      },
      navigateTo: null,
      links: null,
    },
    {
      id: 'DeliverySystemApps',
      parent: null,
      level: 0,
      children: [],
      inEdges: [],
      outEdges: [
        '15cebx',
      ],
      title: 'Delivery System Apps',
      modelRef: 'DeliverySystemApps',
      shape: 'rectangle',
      color: 'primary',
      style: {
        opacity: 20,
        size: 'md',
      },
      tags: [],
      notation: 'Software System',
      kind: 'system',
      x: 3530,
      y: 0,
      width: 320,
      height: 180,
      labelBBox: {
        x: 60,
        y: 76,
        width: 200,
        height: 24,
      },
      navigateTo: null,
      links: null,
    },
    {
      id: 'barcodescanner',
      parent: null,
      level: 0,
      children: [],
      inEdges: [
        '3q7miw',
      ],
      outEdges: [
        'jkwo5d',
        'jkwl4s',
      ],
      title: 'Barcode Scanner',
      modelRef: 'barcodescanner',
      shape: 'rectangle',
      color: 'muted',
      icon: 'tech:android-icon',
      style: {
        opacity: 20,
        size: 'md',
      },
      description: {
        txt: 'Scans barcodes from employee IDs',
      },
      tags: [],
      notation: 'External Software System',
      technology: 'Android',
      kind: 'external-system',
      x: 671,
      y: 1514,
      width: 361,
      height: 180,
      labelBBox: {
        x: 46,
        y: 55,
        width: 300,
        height: 67,
      },
      navigateTo: null,
      links: null,
    },
    {
      id: 'FDS',
      parent: null,
      level: 0,
      children: [],
      inEdges: [
        '1v5pmka',
        '1qeeip4',
        'nfit2t',
        'b8vuwt',
        'bmo1fn',
        'mw4gko',
        'jkwo5d',
        '10rg29j',
      ],
      outEdges: [
        'kydb1',
        'd8rvys',
        '13wx587',
      ],
      title: 'Frontline Demand & Supply',
      modelRef: 'FDS',
      shape: 'rectangle',
      color: 'primary',
      style: {
        opacity: 20,
        size: 'xl',
      },
      description: {
        txt: 'Resource Planning and Duty Management System',
      },
      tags: [],
      metadata: {
        ProjectManager: 'Nilgul Perk, Jamie Dobson',
        SolutionArchitects: 'Rashu Khanna, Kunle Olagbegi',
      },
      notation: 'Software System',
      links: [
        {
          url: './model.c4#L7',
          title: 'Model',
          relative: 'src/architecture/model/model.c4#L7',
        },
      ],
      kind: 'system',
      x: 1337,
      y: 646,
      width: 543,
      height: 290,
      labelBBox: {
        x: 34,
        y: 111,
        width: 476,
        height: 63,
      },
      navigateTo: null,
    },
    {
      id: 'JoinedUp',
      parent: null,
      level: 0,
      children: [],
      inEdges: [
        'kydb1',
      ],
      outEdges: [
        'b8vuwt',
      ],
      title: 'JoinedUp',
      modelRef: 'JoinedUp',
      shape: 'rectangle',
      color: 'muted',
      icon: 'file://./src/architecture/icons/beeline.png',
      style: {
        opacity: 20,
        size: 'md',
      },
      description: {
        txt: '_3rd-party_ SaaS provider for agency worker requisition and payments',
      },
      tags: [],
      notation: 'External Software System',
      kind: 'external-system',
      x: 1721,
      y: 1078,
      width: 323,
      height: 180,
      labelBBox: {
        x: 46,
        y: 47,
        width: 262,
        height: 83,
      },
      navigateTo: null,
      links: null,
    },
    {
      id: 'BIG',
      parent: null,
      level: 0,
      children: [],
      inEdges: [
        '13wx587',
        'bmnyf2',
        '1e1x1wi',
        'mw4d3p',
        '15cebx',
        'jkwl4s',
      ],
      outEdges: [
        '10rg29j',
        'yteh1l',
      ],
      title: 'BIG',
      modelRef: 'BIG',
      shape: 'rectangle',
      color: 'primary',
      icon: 'azure:api-proxy',
      style: {
        opacity: 50,
        size: 'md',
      },
      tags: [],
      technology: 'IBM MQ / Azure APIM',
      kind: 'container',
      x: 3170,
      y: 947,
      width: 320,
      height: 180,
      labelBBox: {
        x: 80,
        y: 67,
        width: 190,
        height: 45,
      },
      navigateTo: null,
      links: null,
    },
    {
      id: 'DataPlatform',
      parent: null,
      level: 0,
      children: [],
      inEdges: [
        'd8rvys',
        'yteh1l',
      ],
      outEdges: [],
      title: 'Data Platform',
      modelRef: 'DataPlatform',
      shape: 'rectangle',
      color: 'red',
      icon: 'tech:google-cloud',
      style: {
        opacity: 20,
        size: 'md',
      },
      tags: [],
      notation: 'External Software System',
      technology: 'GCP',
      kind: 'platform',
      x: 1367,
      y: 1909,
      width: 320,
      height: 180,
      labelBBox: {
        x: 83,
        y: 66,
        width: 184,
        height: 45,
      },
      navigateTo: null,
      links: null,
    },
  ],
  edges: [
    {
      id: '1v5pmka',
      source: 'COM',
      target: 'FDS',
      label: '[...]',
      points: [
        [
          282,
          180,
        ],
        [
          397,
          271,
        ],
        [
          587,
          411,
        ],
        [
          769,
          503,
        ],
        [
          948,
          593,
        ],
        [
          1161,
          665,
        ],
        [
          1328,
          715,
        ],
      ],
      labelBBox: {
        x: 685,
        y: 508,
        width: 25,
        height: 18,
      },
      parent: null,
      relations: [
        'gdy2kp',
        '1tl3r9i',
      ],
      color: 'gray',
      line: 'dashed',
      head: 'normal',
      controlPoints: [
        {
          x: 390,
          y: 481,
        },
        {
          x: 1000,
          y: 691,
        },
      ],
      navigateTo: null,
      tags: null,
    },
    {
      id: '1qeeip4',
      source: 'DeliveryAssurance',
      target: 'FDS',
      label: 'Approves or rejects duty submissions',
      points: [
        [
          718,
          180,
        ],
        [
          778,
          270,
        ],
        [
          880,
          411,
        ],
        [
          997,
          503,
        ],
        [
          1096,
          580,
        ],
        [
          1218,
          643,
        ],
        [
          1328,
          689,
        ],
      ],
      labelBBox: {
        x: 618,
        y: 800,
        width: 236,
        height: 18,
      },
      parent: null,
      relations: [
        'm6rl16',
      ],
      color: 'gray',
      line: 'dashed',
      head: 'normal',
      controlPoints: [
        {
          x: 368,
          y: 830,
        },
        {
          x: 909,
          y: 867,
        },
      ],
      navigateTo: null,
      tags: null,
    },
    {
      id: 'nfit2t',
      source: 'PSM',
      target: 'FDS',
      label: 'Manages duty through FDS Web UI',
      points: [
        [
          1198,
          180,
        ],
        [
          1233,
          266,
        ],
        [
          1291,
          398,
        ],
        [
          1359,
          503,
        ],
        [
          1390,
          549,
        ],
        [
          1427,
          596,
        ],
        [
          1463,
          638,
        ],
      ],
      labelBBox: {
        x: 717,
        y: 1072,
        width: 226,
        height: 18,
      },
      parent: null,
      relations: [
        'fjqv38',
      ],
      color: 'gray',
      line: 'dashed',
      head: 'normal',
      controlPoints: [
        {
          x: 473,
          y: 1161,
        },
        {
          x: 1002,
          y: 995,
        },
      ],
      navigateTo: null,
      tags: null,
    },
    {
      id: 'kydb1',
      source: 'FDS',
      target: 'JoinedUp',
      label: 'Sends approved shifts',
      points: [
        [
          1564,
          936,
        ],
        [
          1562,
          965,
        ],
        [
          1566,
          994,
        ],
        [
          1582,
          1018,
        ],
        [
          1598,
          1045,
        ],
        [
          1653,
          1075,
        ],
        [
          1712,
          1102,
        ],
      ],
      labelBBox: {
        x: 1583,
        y: 997,
        width: 143,
        height: 18,
      },
      parent: null,
      relations: [
        'rqxy0y',
      ],
      color: 'gray',
      line: 'dashed',
      head: 'normal',
      controlPoints: null,
      navigateTo: null,
      tags: null,
    },
    {
      id: 'b8vuwt',
      source: 'JoinedUp',
      target: 'FDS',
      label: 'Sends agency worker information',
      points: [
        [
          1818,
          1079,
        ],
        [
          1789,
          1038,
        ],
        [
          1754,
          990,
        ],
        [
          1720,
          944,
        ],
      ],
      labelBBox: {
        x: 1772,
        y: 997,
        width: 212,
        height: 18,
      },
      parent: null,
      relations: [
        'k6goya',
      ],
      color: 'gray',
      line: 'dashed',
      head: 'normal',
      controlPoints: null,
      navigateTo: null,
      tags: null,
    },
    {
      id: 'bmo1fn',
      source: 'M5',
      target: 'FDS',
      label: 'Sends fleet data',
      points: [
        [
          1620,
          180,
        ],
        [
          1618,
          294,
        ],
        [
          1614,
          495,
        ],
        [
          1612,
          635,
        ],
      ],
      labelBBox: {
        x: 1636,
        y: 409,
        width: 105,
        height: 18,
      },
      parent: null,
      relations: [
        'mpfl87',
      ],
      color: 'gray',
      line: 'dashed',
      head: 'normal',
      controlPoints: [
        {
          x: 1640,
          y: 314,
        },
      ],
      navigateTo: null,
      tags: null,
    },
    {
      id: 'd8rvys',
      source: 'FDS',
      target: 'DataPlatform',
      label: 'Sends data to data platform for \nreporting',
      points: [
        [
          1522,
          935,
        ],
        [
          1500,
          980,
        ],
        [
          1479,
          1030,
        ],
        [
          1468,
          1078,
        ],
        [
          1443,
          1183,
        ],
        [
          1458,
          1307,
        ],
        [
          1474,
          1391,
        ],
      ],
      labelBBox: {
        x: 1484,
        y: 1419,
        width: 196,
        height: 34,
      },
      parent: null,
      relations: [
        '1b5kaky',
      ],
      color: 'gray',
      line: 'dashed',
      head: 'normal',
      controlPoints: [
        {
          x: 1499,
          y: 1169,
        },
        {
          x: 1474,
          y: 1578,
        },
      ],
      navigateTo: null,
      tags: null,
    },
    {
      id: 'mw4gko',
      source: 'PSP',
      target: 'FDS',
      label: 'Sends absences, HR master data and \novertime shift status',
      points: [
        [
          2497,
          166,
        ],
        [
          2411,
          208,
        ],
        [
          2303,
          265,
        ],
        [
          2212,
          323,
        ],
        [
          2062,
          419,
        ],
        [
          1903,
          543,
        ],
        [
          1786,
          639,
        ],
      ],
      labelBBox: {
        x: 2213,
        y: 394,
        width: 241,
        height: 35,
      },
      parent: null,
      relations: [
        '4fpriq',
      ],
      color: 'gray',
      line: 'dashed',
      head: 'normal',
      controlPoints: null,
      navigateTo: null,
      tags: null,
    },
    {
      id: '3q7miw',
      source: 'OPG',
      target: 'barcodescanner',
      label: 'Scans In and Out',
      points: [
        [
          2213,
          171,
        ],
        [
          2302,
          216,
        ],
        [
          2412,
          272,
        ],
        [
          2505,
          318,
        ],
      ],
      labelBBox: {
        x: 460,
        y: 1703,
        width: 112,
        height: 18,
      },
      parent: null,
      relations: [
        '1l76bi1',
        '1r4qaey',
      ],
      color: 'gray',
      line: 'dashed',
      head: 'normal',
      controlPoints: [
        {
          x: 316,
          y: 1754,
        },
      ],
      navigateTo: null,
      tags: null,
    },
    {
      id: 'jkwo5d',
      source: 'barcodescanner',
      target: 'FDS',
      label: 'Sends attendance data',
      points: [
        [
          2511,
          478,
        ],
        [
          2483,
          487,
        ],
        [
          2455,
          496,
        ],
        [
          2428,
          503,
        ],
        [
          2300,
          538,
        ],
        [
          2262,
          523,
        ],
        [
          2135,
          563,
        ],
        [
          2054,
          588,
        ],
        [
          1968,
          622,
        ],
        [
          1890,
          656,
        ],
      ],
      labelBBox: {
        x: 1216,
        y: 1159,
        width: 148,
        height: 18,
      },
      parent: null,
      relations: [
        '4g13q2',
      ],
      color: 'gray',
      line: 'dashed',
      head: 'normal',
      controlPoints: [
        {
          x: 978,
          y: 1470,
        },
        {
          x: 1120,
          y: 1287,
        },
        {
          x: 1303,
          y: 1064,
        },
      ],
      navigateTo: null,
      tags: null,
    },
    {
      id: '13wx587',
      source: 'FDS',
      target: 'BIG',
      label: '[...]',
      points: [
        [
          1881,
          873,
        ],
        [
          1988,
          907,
        ],
        [
          2111,
          950,
        ],
        [
          2220,
          996,
        ],
        [
          2277,
          1019,
        ],
        [
          2337,
          1048,
        ],
        [
          2391,
          1076,
        ],
      ],
      labelBBox: {
        x: 2787,
        y: 905,
        width: 25,
        height: 18,
      },
      parent: null,
      relations: [
        'v1g9f9',
        'qdzb7m',
      ],
      color: 'gray',
      line: 'dashed',
      head: 'normal',
      controlPoints: [
        {
          x: 2395,
          y: 871,
        },
        {
          x: 2861,
          y: 939,
        },
      ],
      navigateTo: null,
      tags: null,
    },
    {
      id: 'bmnyf2',
      source: 'M5',
      target: 'BIG',
      label: 'Fleet data',
      points: [
        [
          1679,
          180,
        ],
        [
          1751,
          288,
        ],
        [
          1875,
          463,
        ],
        [
          1942,
          503,
        ],
        [
          2084,
          587,
        ],
        [
          2179,
          461,
        ],
        [
          2308,
          563,
        ],
        [
          2467,
          688,
        ],
        [
          2527,
          932,
        ],
        [
          2548,
          1069,
        ],
      ],
      labelBBox: {
        x: 2792,
        y: 493,
        width: 66,
        height: 18,
      },
      parent: null,
      relations: [
        '1f3vdbu',
      ],
      color: 'gray',
      line: 'dashed',
      head: 'normal',
      controlPoints: [
        {
          x: 2017,
          y: 345,
        },
        {
          x: 2495,
          y: 473,
        },
        {
          x: 3080,
          y: 711,
        },
      ],
      navigateTo: null,
      tags: null,
    },
    {
      id: '1e1x1wi',
      source: 'MDM',
      target: 'BIG',
      label: 'Sends master data',
      points: [
        [
          3243,
          180,
        ],
        [
          3208,
          343,
        ],
        [
          3117,
          695,
        ],
        [
          2938,
          936,
        ],
        [
          2885,
          1007,
        ],
        [
          2803,
          1061,
        ],
        [
          2729,
          1099,
        ],
      ],
      labelBBox: {
        x: 3411,
        y: 516,
        width: 122,
        height: 18,
      },
      parent: null,
      relations: [
        '2hdbi8',
      ],
      color: 'gray',
      line: 'dashed',
      head: 'normal',
      controlPoints: [
        {
          x: 3401,
          y: 484,
        },
        {
          x: 3449,
          y: 925,
        },
      ],
      navigateTo: null,
      tags: null,
    },
    {
      id: 'mw4d3p',
      source: 'PSP',
      target: 'BIG',
      label: '[...]',
      points: [
        [
          2804,
          180,
        ],
        [
          2853,
          217,
        ],
        [
          2901,
          266,
        ],
        [
          2927,
          323,
        ],
        [
          2960,
          395,
        ],
        [
          2938,
          424,
        ],
        [
          2927,
          503,
        ],
        [
          2899,
          701,
        ],
        [
          2906,
          764,
        ],
        [
          2802,
          936,
        ],
        [
          2771,
          986,
        ],
        [
          2727,
          1033,
        ],
        [
          2684,
          1072,
        ],
      ],
      labelBBox: {
        x: 3236,
        y: 507,
        width: 25,
        height: 18,
      },
      parent: null,
      relations: [
        'yl94ne',
        '1buy1mu',
      ],
      color: 'gray',
      line: 'dashed',
      head: 'normal',
      controlPoints: [
        {
          x: 2969,
          y: 227,
        },
        {
          x: 3173,
          y: 410,
        },
        {
          x: 3249,
          y: 529,
        },
        {
          x: 3391,
          y: 898,
        },
      ],
      navigateTo: null,
      tags: null,
    },
    {
      id: '15cebx',
      source: 'DeliverySystemApps',
      target: 'BIG',
      label: '[...]',
      points: [
        [
          3646,
          180,
        ],
        [
          3560,
          345,
        ],
        [
          3355,
          705,
        ],
        [
          3101,
          936,
        ],
        [
          2996,
          1031,
        ],
        [
          2845,
          1091,
        ],
        [
          2730,
          1126,
        ],
      ],
      labelBBox: {
        x: 3674,
        y: 517,
        width: 25,
        height: 18,
      },
      parent: null,
      relations: [
        '1k3pfu8',
        '1298tl5',
        '1kvq9ce',
      ],
      color: 'gray',
      line: 'dashed',
      head: 'normal',
      controlPoints: [
        {
          x: 3677,
          y: 491,
        },
        {
          x: 3521,
          y: 950,
        },
      ],
      navigateTo: null,
      tags: null,
    },
    {
      id: 'jkwl4s',
      source: 'barcodescanner',
      target: 'BIG',
      label: 'Sends attendances',
      points: [
        [
          2676,
          502,
        ],
        [
          2651,
          644,
        ],
        [
          2603,
          921,
        ],
        [
          2577,
          1069,
        ],
      ],
      labelBBox: {
        x: 2074,
        y: 1333,
        width: 124,
        height: 18,
      },
      parent: null,
      relations: [
        'iu619c',
      ],
      color: 'gray',
      line: 'dashed',
      head: 'normal',
      controlPoints: [
        {
          x: 2111,
          y: 1315,
        },
      ],
      navigateTo: null,
      tags: null,
    },
    {
      id: '10rg29j',
      source: 'BIG',
      target: 'FDS',
      label: '[...]',
      points: [
        [
          2400,
          1106,
        ],
        [
          2331,
          1079,
        ],
        [
          2249,
          1048,
        ],
        [
          2175,
          1018,
        ],
        [
          2082,
          982,
        ],
        [
          1981,
          942,
        ],
        [
          1890,
          905,
        ],
      ],
      labelBBox: {
        x: 2629,
        y: 916,
        width: 25,
        height: 18,
      },
      parent: null,
      relations: [
        'zn1tv4',
        'thebfs',
        '1os111l',
        '11kznze',
        '1d0cqc8',
      ],
      color: 'gray',
      line: 'dashed',
      head: 'normal',
      controlPoints: [
        {
          x: 2910,
          y: 978,
        },
        {
          x: 2373,
          y: 902,
        },
      ],
      navigateTo: null,
      tags: null,
    },
    {
      id: 'yteh1l',
      source: 'BIG',
      target: 'DataPlatform',
      label: 'Sends data files for reporting',
      points: [
        [
          2400,
          1218,
        ],
        [
          2203,
          1277,
        ],
        [
          1869,
          1378,
        ],
        [
          1668,
          1439,
        ],
      ],
      labelBBox: {
        x: 2483,
        y: 1487,
        width: 183,
        height: 18,
      },
      parent: null,
      relations: [
        '1jazwk',
      ],
      color: 'gray',
      line: 'dashed',
      head: 'normal',
      controlPoints: [
        {
          x: 2438,
          y: 1511,
        },
      ],
      navigateTo: null,
      tags: null,
    },
  ],
  _layout: 'manual',
}
